This is pdfTeX, Version 3.141592653-2.6-1.40.29 (TeX Live 2026) (preloaded format=pdflatex 2026.6.27)  1 JUL 2026 23:01
entering extended mode
 restricted \write18 enabled.
 file:line:error style messages enabled.
 %&-line parsing enabled.
**"/Users/remmy/Documents/Projects/Data-Science/SEM 4/Thesis/thesis_latex/main.tex"
(/Users/remmy/Documents/Projects/Data-Science/SEM 4/Thesis/thesis_latex/main.tex
LaTeX2e <2025-11-01>
L3 programming layer <2026-01-19>
(/usr/local/texlive/2026/texmf-dist/tex/latex/base/report.cls
Document Class: report 2025/01/22 v1.4n Standard LaTeX document class
(/usr/local/texlive/2026/texmf-dist/tex/latex/base/size12.clo
File: size12.clo 2025/01/22 v1.4n Standard LaTeX file (size option)
)
\c@part=\count275
\c@chapter=\count276
\c@section=\count277
\c@subsection=\count278
\c@subsubsection=\count279
\c@paragraph=\count280
\c@subparagraph=\count281
\c@figure=\count282
\c@table=\count283
\abovecaptionskip=\skip49
\belowcaptionskip=\skip50
\bibindent=\dimen148
) (/usr/local/texlive/2026/texmf-dist/tex/latex/appendix/appendix.sty
Package: appendix 2020/02/08 v1.2c extra appendix facilities
\c@@pps=\count284
\c@@ppsavesec=\count285
\c@@ppsaveapp=\count286
) (/usr/local/texlive/2026/texmf-dist/tex/latex/base/inputenc.sty
Package: inputenc 2024/02/08 v1.3d Input encoding file
\inpenc@prehook=\toks17
\inpenc@posthook=\toks18
) (/usr/local/texlive/2026/texmf-dist/tex/latex/graphics/graphicx.sty
Package: graphicx 2024/12/31 v1.2e Enhanced LaTeX Graphics (DPC,SPQR)
 (/usr/local/texlive/2026/texmf-dist/tex/latex/graphics/keyval.sty
Package: keyval 2022/05/29 v1.15 key=value parser (DPC)
\KV@toks@=\toks19
) (/usr/local/texlive/2026/texmf-dist/tex/latex/graphics/graphics.sty
Package: graphics 2024/08/06 v1.4g Standard LaTeX Graphics (DPC,SPQR)
 (/usr/local/texlive/2026/texmf-dist/tex/latex/graphics/trig.sty
Package: trig 2023/12/02 v1.11 sin cos tan (DPC)
) (/usr/local/texlive/2026/texmf-dist/tex/latex/graphics-cfg/graphics.cfg
File: graphics.cfg 2016/06/04 v1.11 sample graphics configuration
)
Package graphics Info: Driver file: pdftex.def on input line 106.
 (/usr/local/texlive/2026/texmf-dist/tex/latex/graphics-def/pdftex.def
File: pdftex.def 2025/09/29 v1.2d Graphics/color driver for pdftex
))
\Gin@req@height=\dimen149
\Gin@req@width=\dimen150
) (/usr/local/texlive/2026/texmf-dist/tex/latex/graphics/color.sty
Package: color 2025/01/14 v1.3e Standard LaTeX Color (DPC)
 (/usr/local/texlive/2026/texmf-dist/tex/latex/graphics-cfg/color.cfg
File: color.cfg 2016/01/02 v1.6 sample color configuration
)
Package color Info: Driver file: pdftex.def on input line 149.
 (/usr/local/texlive/2026/texmf-dist/tex/latex/graphics/mathcolor.ltx)) (/usr/local/texlive/2026/texmf-dist/tex/latex/xcolor/xcolor.sty
Package: xcolor 2024/09/29 v3.02 LaTeX color extensions (UK)
 (/usr/local/texlive/2026/texmf-dist/tex/latex/graphics-cfg/color.cfg
File: color.cfg 2016/01/02 v1.6 sample color configuration
)
Package xcolor Info: Driver file: pdftex.def on input line 274.
LaTeX Info: Redefining \color on input line 762.
 (/usr/local/texlive/2026/texmf-dist/tex/latex/graphics/mathcolor.ltx)
Package xcolor Info: Model `cmy' substituted by `cmy0' on input line 1349.
Package xcolor Info: Model `hsb' substituted by `rgb' on input line 1353.
Package xcolor Info: Model `RGB' extended on input line 1365.
Package xcolor Info: Model `HTML' substituted by `rgb' on input line 1367.
Package xcolor Info: Model `Hsb' substituted by `hsb' on input line 1368.
Package xcolor Info: Model `tHsb' substituted by `hsb' on input line 1369.
Package xcolor Info: Model `HSB' substituted by `hsb' on input line 1370.
Package xcolor Info: Model `Gray' substituted by `gray' on input line 1371.
Package xcolor Info: Model `wave' substituted by `hsb' on input line 1372.
) (/usr/local/texlive/2026/texmf-dist/tex/latex/tools/longtable.sty
Package: longtable 2025-10-13 v4.24 Multi-page Table package (DPC)
\LTleft=\skip51
\LTright=\skip52
\LTpre=\skip53
\LTpost=\skip54
\LTchunksize=\count287
\LTcapwidth=\dimen151
\LT@head=\box53
\LT@firsthead=\box54
\LT@foot=\box55
\LT@lastfoot=\box56
\LT@gbox=\box57
\LT@cols=\count288
\LT@rows=\count289
\c@LT@tables=\count290
\c@LT@chunks=\count291
\LT@p@ftn=\toks20
) (/usr/local/texlive/2026/texmf-dist/tex/latex/geometry/geometry.sty
Package: geometry 2026/03/07 v6.0 Page Geometry
 (/usr/local/texlive/2026/texmf-dist/tex/generic/iftex/ifvtex.sty
Package: ifvtex 2019/10/25 v1.7 ifvtex legacy package. Use iftex instead.
 (/usr/local/texlive/2026/texmf-dist/tex/generic/iftex/iftex.sty
Package: iftex 2024/12/12 v1.0g TeX engine tests
))
\Gm@cnth=\count292
\Gm@cntv=\count293
\c@Gm@tempcnt=\count294
\Gm@bindingoffset=\dimen152
\Gm@wd@mp=\dimen153
\Gm@odd@mp=\dimen154
\Gm@even@mp=\dimen155
\Gm@layoutwidth=\dimen156
\Gm@layoutheight=\dimen157
\Gm@layouthoffset=\dimen158
\Gm@layoutvoffset=\dimen159
\Gm@dimlist=\toks21
) (/usr/local/texlive/2026/texmf-dist/tex/latex/tools/tabularx.sty
Package: tabularx 2023/12/11 v2.12a `tabularx' package (DPC)
 (/usr/local/texlive/2026/texmf-dist/tex/latex/tools/array.sty
Package: array 2025/09/25 v2.6n Tabular extension package (FMi)
\col@sep=\dimen160
\ar@mcellbox=\box58
\extrarowheight=\dimen161
\NC@list=\toks22
\extratabsurround=\skip55
\backup@length=\skip56
\ar@cellbox=\box59
)
\TX@col@width=\dimen162
\TX@old@table=\dimen163
\TX@old@col=\dimen164
\TX@target=\dimen165
\TX@delta=\dimen166
\TX@cols=\count295
\TX@ftn=\toks23
) (/usr/local/texlive/2026/texmf-dist/tex/latex/booktabs/booktabs.sty
Package: booktabs 2020/01/12 v1.61803398 Publication quality tables
\heavyrulewidth=\dimen167
\lightrulewidth=\dimen168
\cmidrulewidth=\dimen169
\belowrulesep=\dimen170
\belowbottomsep=\dimen171
\aboverulesep=\dimen172
\abovetopsep=\dimen173
\cmidrulesep=\dimen174
\cmidrulekern=\dimen175
\defaultaddspace=\dimen176
\@cmidla=\count296
\@cmidlb=\count297
\@aboverulesep=\dimen177
\@belowrulesep=\dimen178
\@thisruleclass=\count298
\@lastruleclass=\count299
\@thisrulewidth=\dimen179
) (/usr/local/texlive/2026/texmf-dist/tex/latex/float/float.sty
Package: float 2001/11/08 v1.3d Float enhancements (AL)
\c@float@type=\count300
\float@exts=\toks24
\float@box=\box60
\@float@everytoks=\toks25
\@floatcapt=\box61
) (/usr/local/texlive/2026/texmf-dist/tex/latex/parskip/parskip.sty
Package: parskip 2021-03-14 v2.0h non-zero parskip adjustments
 (/usr/local/texlive/2026/texmf-dist/tex/latex/kvoptions/kvoptions.sty
Package: kvoptions 2022-06-15 v3.15 Key value format for package options (HO)
 (/usr/local/texlive/2026/texmf-dist/tex/generic/ltxcmds/ltxcmds.sty
Package: ltxcmds 2023-12-04 v1.26 LaTeX kernel commands for general use (HO)
) (/usr/local/texlive/2026/texmf-dist/tex/latex/kvsetkeys/kvsetkeys.sty
Package: kvsetkeys 2022-10-05 v1.19 Key value parser (HO)
)) (/usr/local/texlive/2026/texmf-dist/tex/latex/etoolbox/etoolbox.sty
Package: etoolbox 2025/10/02 v2.5m e-TeX tools for LaTeX (JAW)
\etb@tempcnta=\count301
)) (/usr/local/texlive/2026/texmf-dist/tex/latex/tools/enumerate.sty
Package: enumerate 2023/07/04 v3.00 enumerate extensions (DPC)
\@enLab=\toks26
) (/usr/local/texlive/2026/texmf-dist/tex/latex/enumitem/enumitem.sty
Package: enumitem 2025/02/06 v3.11 Customized lists
\labelindent=\skip57
\enit@outerparindent=\dimen180
\enit@toks=\toks27
\enit@inbox=\box62
\enit@count@id=\count302
\enitdp@description=\count303
) (/usr/local/texlive/2026/texmf-dist/tex/latex/setspace/setspace.sty
Package: setspace 2022/12/04 v6.7b set line spacing
) (/usr/local/texlive/2026/texmf-dist/tex/latex/fancyhdr/fancyhdr.sty
Package: fancyhdr 2025/02/07 v5.2 Extensive control of page headers and footers
\f@nch@headwidth=\skip58
\f@nch@offset@elh=\skip59
\f@nch@offset@erh=\skip60
\f@nch@offset@olh=\skip61
\f@nch@offset@orh=\skip62
\f@nch@offset@elf=\skip63
\f@nch@offset@erf=\skip64
\f@nch@offset@olf=\skip65
\f@nch@offset@orf=\skip66
\f@nch@height=\skip67
\f@nch@footalignment=\skip68
\f@nch@widthL=\skip69
\f@nch@widthC=\skip70
\f@nch@widthR=\skip71
\@temptokenb=\toks28
) (/usr/local/texlive/2026/texmf-dist/tex/latex/caption/caption.sty
Package: caption 2023/08/05 v3.6o Customizing captions (AR)
 (/usr/local/texlive/2026/texmf-dist/tex/latex/caption/caption3.sty
Package: caption3 2023/07/31 v2.4d caption3 kernel (AR)
\caption@tempdima=\dimen181
\captionmargin=\dimen182
\caption@leftmargin=\dimen183
\caption@rightmargin=\dimen184
\caption@width=\dimen185
\caption@indent=\dimen186
\caption@parindent=\dimen187
\caption@hangindent=\dimen188
Package caption Info: Standard document class detected.
)
\c@caption@flags=\count304
\c@continuedfloat=\count305
Package caption Info: float package is loaded.
Package caption Info: longtable package is loaded.
 (/usr/local/texlive/2026/texmf-dist/tex/latex/caption/ltcaption.sty
Package: ltcaption 2021/01/08 v1.4c longtable captions (AR)
)) (/usr/local/texlive/2026/texmf-dist/tex/latex/multirow/multirow.sty
Package: multirow 2024/11/12 v2.9 Span multiple rows of a table
\multirow@colwidth=\skip72
\multirow@cntb=\count306
\multirow@dima=\skip73
\bigstrutjot=\dimen189
) (/usr/local/texlive/2026/texmf-dist/tex/latex/amsmath/amsmath.sty
Package: amsmath 2025/07/09 v2.17z AMS math features
\@mathmargin=\skip74

For additional information on amsmath, use the `?' option.
(/usr/local/texlive/2026/texmf-dist/tex/latex/amsmath/amstext.sty
Package: amstext 2024/11/17 v2.01 AMS text
 (/usr/local/texlive/2026/texmf-dist/tex/latex/amsmath/amsgen.sty
File: amsgen.sty 1999/11/30 v2.0 generic functions
\@emptytoks=\toks29
\ex@=\dimen190
)) (/usr/local/texlive/2026/texmf-dist/tex/latex/amsmath/amsbsy.sty
Package: amsbsy 1999/11/29 v1.2d Bold Symbols
\pmbraise@=\dimen191
) (/usr/local/texlive/2026/texmf-dist/tex/latex/amsmath/amsopn.sty
Package: amsopn 2022/04/08 v2.04 operator names
)
\inf@bad=\count307
LaTeX Info: Redefining \frac on input line 233.
\uproot@=\count308
\leftroot@=\count309
LaTeX Info: Redefining \overline on input line 398.
LaTeX Info: Redefining \colon on input line 409.
\classnum@=\count310
\DOTSCASE@=\count311
LaTeX Info: Redefining \ldots on input line 495.
LaTeX Info: Redefining \dots on input line 498.
LaTeX Info: Redefining \cdots on input line 619.
\Mathstrutbox@=\box63
\strutbox@=\box64
LaTeX Info: Redefining \big on input line 721.
LaTeX Info: Redefining \Big on input line 722.
LaTeX Info: Redefining \bigg on input line 723.
LaTeX Info: Redefining \Bigg on input line 724.
\big@size=\dimen192
LaTeX Font Info:    Redeclaring font encoding OML on input line 742.
LaTeX Font Info:    Redeclaring font encoding OMS on input line 743.
\macc@depth=\count312
LaTeX Info: Redefining \bmod on input line 904.
LaTeX Info: Redefining \pmod on input line 909.
LaTeX Info: Redefining \smash on input line 939.
LaTeX Info: Redefining \relbar on input line 969.
LaTeX Info: Redefining \Relbar on input line 970.
\c@MaxMatrixCols=\count313
\dotsspace@=\muskip17
\c@parentequation=\count314
\dspbrk@lvl=\count315
\tag@help=\toks30
\row@=\count316
\column@=\count317
\maxfields@=\count318
\andhelp@=\toks31
\eqnshift@=\dimen193
\alignsep@=\dimen194
\tagshift@=\dimen195
\tagwidth@=\dimen196
\totwidth@=\dimen197
\lineht@=\dimen198
\@envbody=\toks32
\multlinegap=\skip75
\multlinetaggap=\skip76
\mathdisplay@stack=\toks33
LaTeX Info: Redefining \[ on input line 2950.
LaTeX Info: Redefining \] on input line 2951.
) (/usr/local/texlive/2026/texmf-dist/tex/latex/amsfonts/amssymb.sty
Package: amssymb 2013/01/14 v3.01 AMS font symbols
 (/usr/local/texlive/2026/texmf-dist/tex/latex/amsfonts/amsfonts.sty
Package: amsfonts 2013/01/14 v3.01 Basic AMSFonts support
\symAMSa=\mathgroup4
\symAMSb=\mathgroup5
LaTeX Font Info:    Redeclaring math symbol \hbar on input line 98.
LaTeX Font Info:    Overwriting math alphabet `\mathfrak' in version `bold'
(Font)                  U/euf/m/n --> U/euf/b/n on input line 106.
)) (/usr/local/texlive/2026/texmf-dist/tex/latex/base/textcomp.sty
Package: textcomp 2024/04/24 v2.1b Standard LaTeX package
) (/usr/local/texlive/2026/texmf-dist/tex/latex/base/fontenc.sty
Package: fontenc 2025/07/18 v2.1d Standard LaTeX package
) (/usr/local/texlive/2026/texmf-dist/tex/latex/url/url.sty
\Urlmuskip=\muskip18
Package: url 2013/09/16  ver 3.4  Verb mode for urls, etc.
) (/usr/local/texlive/2026/texmf-dist/tex/latex/hyperref/hyperref.sty
Package: hyperref 2026-01-29 v7.01p Hypertext links for LaTeX
 (/usr/local/texlive/2026/texmf-dist/tex/generic/kvdefinekeys/kvdefinekeys.sty
Package: kvdefinekeys 2019-12-19 v1.6 Define keys (HO)
) (/usr/local/texlive/2026/texmf-dist/tex/generic/pdfescape/pdfescape.sty
Package: pdfescape 2019/12/09 v1.15 Implements pdfTeX's escape features (HO)
 (/usr/local/texlive/2026/texmf-dist/tex/generic/pdftexcmds/pdftexcmds.sty
Package: pdftexcmds 2020-06-27 v0.33 Utility functions of pdfTeX for LuaTeX (HO)
 (/usr/local/texlive/2026/texmf-dist/tex/generic/infwarerr/infwarerr.sty
Package: infwarerr 2019/12/03 v1.5 Providing info/warning/error messages (HO)
)
Package pdftexcmds Info: \pdf@primitive is available.
Package pdftexcmds Info: \pdf@ifprimitive is available.
Package pdftexcmds Info: \pdfdraftmode found.
)) (/usr/local/texlive/2026/texmf-dist/tex/latex/hycolor/hycolor.sty
Package: hycolor 2020-01-27 v1.10 Color options for hyperref/bookmark (HO)
) (/usr/local/texlive/2026/texmf-dist/tex/latex/hyperref/nameref.sty
Package: nameref 2026-01-29 v2.58 Cross-referencing by name of section
 (/usr/local/texlive/2026/texmf-dist/tex/latex/refcount/refcount.sty
Package: refcount 2019/12/15 v3.6 Data extraction from label references (HO)
) (/usr/local/texlive/2026/texmf-dist/tex/generic/gettitlestring/gettitlestring.sty
Package: gettitlestring 2019/12/15 v1.6 Cleanup title references (HO)
)
\c@section@level=\count319
) (/usr/local/texlive/2026/texmf-dist/tex/generic/stringenc/stringenc.sty
Package: stringenc 2019/11/29 v1.12 Convert strings between diff. encodings (HO)
)
\@linkdim=\dimen199
\Hy@linkcounter=\count320
\Hy@pagecounter=\count321
 (/usr/local/texlive/2026/texmf-dist/tex/latex/hyperref/pd1enc.def
File: pd1enc.def 2026-01-29 v7.01p Hyperref: PDFDocEncoding definition (HO)
Now handling font encoding PD1 ...
... no UTF-8 mapping file for font encoding PD1
) (/usr/local/texlive/2026/texmf-dist/tex/generic/intcalc/intcalc.sty
Package: intcalc 2019/12/15 v1.3 Expandable calculations with integers (HO)
)
\Hy@SavedSpaceFactor=\count322
 (/usr/local/texlive/2026/texmf-dist/tex/latex/hyperref/puenc.def
File: puenc.def 2026-01-29 v7.01p Hyperref: PDF Unicode definition (HO)
Now handling font encoding PU ...
... no UTF-8 mapping file for font encoding PU
)
Package hyperref Info: Hyper figures OFF on input line 4201.
Package hyperref Info: Link nesting OFF on input line 4206.
Package hyperref Info: Hyper index ON on input line 4209.
Package hyperref Info: Plain pages OFF on input line 4216.
Package hyperref Info: Backreferencing OFF on input line 4221.
Package hyperref Info: Implicit mode ON; LaTeX internals redefined.
Package hyperref Info: Bookmarks ON on input line 4468.
\c@Hy@tempcnt=\count323
LaTeX Info: Redefining \url on input line 4807.
\XeTeXLinkMargin=\dimen256
 (/usr/local/texlive/2026/texmf-dist/tex/generic/bitset/bitset.sty
Package: bitset 2019/12/09 v1.3 Handle bit-vector datatype (HO)
 (/usr/local/texlive/2026/texmf-dist/tex/generic/bigintcalc/bigintcalc.sty
Package: bigintcalc 2019/12/15 v1.5 Expandable calculations on big integers (HO)
))
\Fld@menulength=\count324
\Field@Width=\dimen257
\Fld@charsize=\dimen258
Package hyperref Info: Hyper figures OFF on input line 6084.
Package hyperref Info: Link nesting OFF on input line 6089.
Package hyperref Info: Hyper index ON on input line 6092.
Package hyperref Info: backreferencing OFF on input line 6099.
Package hyperref Info: Link coloring OFF on input line 6104.
Package hyperref Info: Link coloring with OCG OFF on input line 6109.
Package hyperref Info: PDF/A mode OFF on input line 6114.
\Hy@abspage=\count325
\c@Item=\count326
\c@Hfootnote=\count327
)
Package hyperref Info: Driver (autodetected): hpdftex.
 (/usr/local/texlive/2026/texmf-dist/tex/latex/hyperref/hpdftex.def
File: hpdftex.def 2026-01-29 v7.01p Hyperref driver for pdfTeX
\Fld@listcount=\count328
\c@bookmark@seq@number=\count329
 (/usr/local/texlive/2026/texmf-dist/tex/latex/rerunfilecheck/rerunfilecheck.sty
Package: rerunfilecheck 2025-06-21 v1.11 Rerun checks for auxiliary files (HO)
 (/usr/local/texlive/2026/texmf-dist/tex/generic/uniquecounter/uniquecounter.sty
Package: uniquecounter 2019/12/15 v1.4 Provide unlimited unique counter (HO)
)
Package uniquecounter Info: New unique counter `rerunfilecheck' on input line 284.
)
\Hy@SectionHShift=\skip77
)
Package hyperref Info: Option `colorlinks' set `false' on input line 26.
 (/usr/local/texlive/2026/texmf-dist/tex/latex/l3backend/l3backend-pdftex.def
File: l3backend-pdftex.def 2025-10-09 L3 backend support: PDF output (pdfTeX)
\l__color_backend_stack_int=\count330
) (./main.aux

LaTeX Warning: Label `tab:litreview' multiply defined.

)
\openout1 = `main.aux'.

LaTeX Font Info:    Checking defaults for OML/cmm/m/it on input line 51.
LaTeX Font Info:    ... okay on input line 51.
LaTeX Font Info:    Checking defaults for OMS/cmsy/m/n on input line 51.
LaTeX Font Info:    ... okay on input line 51.
LaTeX Font Info:    Checking defaults for OT1/cmr/m/n on input line 51.
LaTeX Font Info:    ... okay on input line 51.
LaTeX Font Info:    Checking defaults for T1/cmr/m/n on input line 51.
LaTeX Font Info:    ... okay on input line 51.
LaTeX Font Info:    Checking defaults for TS1/cmr/m/n on input line 51.
LaTeX Font Info:    ... okay on input line 51.
LaTeX Font Info:    Checking defaults for OMX/cmex/m/n on input line 51.
LaTeX Font Info:    ... okay on input line 51.
LaTeX Font Info:    Checking defaults for U/cmr/m/n on input line 51.
LaTeX Font Info:    ... okay on input line 51.
LaTeX Font Info:    Checking defaults for PD1/pdf/m/n on input line 51.
LaTeX Font Info:    ... okay on input line 51.
LaTeX Font Info:    Checking defaults for PU/pdf/m/n on input line 51.
LaTeX Font Info:    ... okay on input line 51.
 (/usr/local/texlive/2026/texmf-dist/tex/context/base/mkii/supp-pdf.mkii
[Loading MPS to PDF converter (version 2006.09.02).]
\scratchcounter=\count331
\scratchdimen=\dimen259
\scratchbox=\box65
\nofMPsegments=\count332
\nofMParguments=\count333
\everyMPshowfont=\toks34
\MPscratchCnt=\count334
\MPscratchDim=\dimen260
\MPnumerator=\count335
\makeMPintoPDFobject=\count336
\everyMPtoPDFconversion=\toks35
) (/usr/local/texlive/2026/texmf-dist/tex/latex/epstopdf-pkg/epstopdf-base.sty
Package: epstopdf-base 2020-01-24 v2.11 Base part for package epstopdf
Package epstopdf-base Info: Redefining graphics rule for `.eps' on input line 485.
 (/usr/local/texlive/2026/texmf-dist/tex/latex/latexconfig/epstopdf-sys.cfg
File: epstopdf-sys.cfg 2010/07/13 v1.3 Configuration of (r)epstopdf for TeX Live
))
*geometry* driver: auto-detecting
*geometry* detected driver: pdftex
*geometry* verbose mode - [ preamble ] result:
* driver: pdftex
* paper: a4paper
* layout: <same size as paper>
* layoutoffset:(h,v)=(0.0pt,0.0pt)
* modes: 
* h-part:(L,W,R)=(85.35826pt, 441.01773pt, 71.13188pt)
* v-part:(T,H,B)=(71.13188pt, 702.78308pt, 71.13188pt)
* \paperwidth=597.50787pt
* \paperheight=845.04684pt
* \textwidth=441.01773pt
* \textheight=702.78308pt
* \oddsidemargin=13.08827pt
* \evensidemargin=13.08827pt
* \topmargin=-27.36447pt
* \headheight=12.0pt
* \headsep=14.22636pt
* \topskip=12.0pt
* \footskip=34.14322pt
* \marginparwidth=44.0pt
* \marginparsep=10.0pt
* \columnsep=10.0pt
* \skip\footins=10.8pt plus 4.0pt minus 2.0pt
* \hoffset=0.0pt
* \voffset=0.0pt
* \mag=1000
* \@twocolumnfalse
* \@twosidefalse
* \@mparswitchfalse
* \@reversemarginfalse
* (1in=72.27pt=25.4mm, 1cm=28.453pt)

Package caption Info: Begin \AtBeginDocument code.
Package caption Info: hyperref package is loaded.
Package caption Info: End \AtBeginDocument code.
Package hyperref Info: Link coloring OFF on input line 51.
(./main.out) (./main.out)
\@outlinefile=\write3
\openout3 = `main.out'.

<images/logos/UCU-Logo.png, id=521, 1027.84pt x 257.96375pt>
File: images/logos/UCU-Logo.png Graphic file (type png)
<use images/logos/UCU-Logo.png>
Package pdftex.def Info: images/logos/UCU-Logo.png  used on input line 56.
(pdftex.def)             Requested size: 308.35437pt x 77.38971pt.
 [1

{/usr/local/texlive/2026/texmf-var/fonts/map/pdftex/updmap/pdftex.map}{/usr/local/texlive/2026/texmf-dist/fonts/enc/dvips/cm-super/cm-super-t1.enc} <./images/logos/UCU-Logo.png>] (./preliminary-pages/01-declaration.tex
Underfull \hbox (badness 10000) in paragraph at lines 4--6

 []

LaTeX Font Info:    Trying to load font information for U+msa on input line 8.
(/usr/local/texlive/2026/texmf-dist/tex/latex/amsfonts/umsa.fd
File: umsa.fd 2013/01/14 v3.01 AMS symbols A
)
LaTeX Font Info:    Trying to load font information for U+msb on input line 8.
 (/usr/local/texlive/2026/texmf-dist/tex/latex/amsfonts/umsb.fd
File: umsb.fd 2013/01/14 v3.01 AMS symbols B
))
pdfTeX warning (ext4): destination with the same identifier (name{page.i}) has been already used, duplicate ignored
<to be read again> 
                   \relax 
l.83 \chapter
             *{Ethical Generative AI Usage Declaration} [1

] (./preliminary-pages/01b-AI-declaration.tex

LaTeX Warning: Reference `App:AI-use-declaration' on page ii undefined on input line 11.


Overfull \hbox (19.0335pt too wide) in paragraph at lines 24--25
[]\T1/cmr/m/n/12 Signature: |Date: | 
 []


LaTeX Warning: Reference `App:AI-use-declaration' on page ii undefined on input line 30.

[2

]) [3] (./preliminary-pages/02-approval.tex)
Overfull \hbox (14.98112pt too wide) in paragraph at lines 4--90
[]  
 []

[4

] (./preliminary-pages/03-abstract.tex
Overfull \hbox (1.54497pt too wide) in paragraph at lines 3--4
\T1/cmr/m/n/12 ing real trans-ac-tional data from 1,458,900 Air-tel Uganda pre-paid sub-scribers (February--
 []

) [5

] [6] (./preliminary-pages/04-dedication.tex) (./preliminary-pages/05-toc-tof-symbols-abrevs.tex [7

] (./main.toc [8

] [9] [10] [11])
\tf@toc=\write4
\openout4 = `main.toc'.

 [12] (./main.lof)
\tf@lof=\write5
\openout5 = `main.lof'.

 [13

] (./main.lot)
\tf@lot=\write6
\openout6 = `main.lot'.

) [14

] (./preliminary-pages/06-acknowledgments.tex) [15

]
Chapter 1.
(./chapters/chapter-01.tex [1

]
Overfull \hbox (2.69736pt too wide) in paragraph at lines 12--13
\T1/cmr/m/n/12 com-pris-ing ap-prox-i-mately 150 mil-lion voice bun-dle pur-chase trans-ac-tions from 1,458,900
 []


Overfull \hbox (12.27432pt too wide) in paragraph at lines 17--18
\T1/cmr/m/n/12 Airtel Uganda, in com-mon with many Mo-bile Net-work Op-er-a-tors in de-vel-op-ing economies,
 []

[2] [3] [4] [5]
Overfull \hbox (5.89807pt too wide) in paragraph at lines 84--85
[]\T1/cmr/m/n/12 What strate-gic rec-om-men-da-tions can be de-rived from the ma-chine learn-ing model's
 []

[6] [7]
Overfull \hbox (7.03525pt too wide) in paragraph at lines 120--121
[]\T1/cmr/m/n/12 For the telecom-mu-ni-ca-tions in-dus-try, the study pro-vides an op-er-a-tionally im-ple-mentable,
 []

[8]
<images/framework.png, id=979, 1537.745pt x 912.40875pt>
File: images/framework.png Graphic file (type png)
<use images/framework.png>
Package pdftex.def Info: images/framework.png  used on input line 134.
(pdftex.def)             Requested size: 396.91325pt x 235.50824pt.
 [9] [10 <./images/framework.png>] [11]) [12]
Chapter 2.
(./chapters/chapter-02.tex [13

]
Overfull \hbox (5.10309pt too wide) in paragraph at lines 19--19
[]\T1/cmr/bx/n/14.4 Machine Learn-ing as a Pre-dic-tive Decision-Making Frame-
 []

[14]
<images/fig2_1_arpu_distribution.png, id=1006, 1003.5894pt x 328.5876pt>
File: images/fig2_1_arpu_distribution.png Graphic file (type png)
<use images/fig2_1_arpu_distribution.png>
Package pdftex.def Info: images/fig2_1_arpu_distribution.png  used on input line 40.
(pdftex.def)             Requested size: 396.91325pt x 129.95363pt.
 [15]
<images/fig3_1_purchase_frequency.png, id=1012, 577.79865pt x 261.97874pt>
File: images/fig3_1_purchase_frequency.png Graphic file (type png)
<use images/fig3_1_purchase_frequency.png>
Package pdftex.def Info: images/fig3_1_purchase_frequency.png  used on input line 52.
(pdftex.def)             Requested size: 396.91325pt x 179.96603pt.
<images/fig4_1_hourly_purchases.png, id=1013, 577.79865pt x 260.8947pt>
File: images/fig4_1_hourly_purchases.png Graphic file (type png)
<use images/fig4_1_hourly_purchases.png>
Package pdftex.def Info: images/fig4_1_hourly_purchases.png  used on input line 64.
(pdftex.def)             Requested size: 396.91325pt x 179.22133pt.
<images/fig5_1_outgoing_voice_minutes.png, id=1014, 859.0494pt x 318.9516pt>
File: images/fig5_1_outgoing_voice_minutes.png Graphic file (type png)
<use images/fig5_1_outgoing_voice_minutes.png>
Package pdftex.def Info: images/fig5_1_outgoing_voice_minutes.png  used on input line 76.
(pdftex.def)             Requested size: 396.91325pt x 147.36679pt.
 [16 <./images/fig2_1_arpu_distribution.png> <./images/fig3_1_purchase_frequency.png> <./images/fig4_1_hourly_purchases.png>]
<images/fig6_1_value_segments.png, id=1023, 713.064pt x 319.9152pt>
File: images/fig6_1_value_segments.png Graphic file (type png)
<use images/fig6_1_value_segments.png>
Package pdftex.def Info: images/fig6_1_value_segments.png  used on input line 88.
(pdftex.def)             Requested size: 396.91325pt x 178.08223pt.
 [17 <./images/fig5_1_outgoing_voice_minutes.png> <./images/fig6_1_value_segments.png>]
Overfull \hbox (0.21465pt too wide) in paragraph at lines 119--119
[]\T1/cmr/bx/n/14.4 Classification Mod-els for Cus-tomer Be-haviour Pre-dic-tion:
 []

[18] [19]
Overfull \hbox (1.57983pt too wide) in paragraph at lines 130--130
[]\T1/cmr/bx/n/14.4 Customer Seg-men-ta-tion Us-ing Clus-ter-ing Al-go-rithms 
 []


Overfull \hbox (8.68817pt too wide) in paragraph at lines 139--139
[]\T1/cmr/bx/n/14.4 Data Pre-pro-cess-ing: The Foun-da-tion of Model Qual-ity 
 []

[20] [21]
Underfull \hbox (badness 10000) in paragraph at lines 167--167
[]|\T1/cmr/m/n/12 Collaborative
 []


Underfull \hbox (badness 6428) in paragraph at lines 167--167
[]|\T1/cmr/m/n/12 Deldjoo et al.
 []


Underfull \hbox (badness 5217) in paragraph at lines 167--168
[]|\T1/cmr/m/n/12 Hybrid CF mod-els out-
 []


Underfull \hbox (badness 10000) in paragraph at lines 167--168
\T1/cmr/m/n/12 per-form single-approach
 []


Underfull \hbox (badness 7504) in paragraph at lines 167--168
\T1/cmr/m/n/12 sys-tems in dense us-age
 []


Underfull \hbox (badness 10000) in paragraph at lines 169--169
[]|\T1/cmr/m/n/12 K-Means Clus-
 []


Underfull \hbox (badness 6236) in paragraph at lines 169--169
[]|\T1/cmr/m/n/12 Yuming et al.
 []


Underfull \hbox (badness 10000) in paragraph at lines 169--169
[]|\T1/cmr/m/n/12 Customer Seg-
 []


Underfull \hbox (badness 5008) in paragraph at lines 169--170
\T1/cmr/m/n/12 go-rith-mic nov-elty, drives
 []


Underfull \hbox (badness 1648) in paragraph at lines 169--170
\T1/cmr/m/n/12 the great-est seg-men-ta-tion
 []


Underfull \hbox (badness 2343) in paragraph at lines 171--171
[]|\T1/cmr/m/n/12 Customer Clas-
 []


Underfull \hbox (badness 10000) in paragraph at lines 171--172
[]|\T1/cmr/m/n/12 Random For-est achieves
 []


Underfull \hbox (badness 5817) in paragraph at lines 171--172
\OMS/cmsy/m/n/12 ^^X$\T1/cmr/m/n/12 91.66% ac-cu-racy; XG-
 []


Underfull \hbox (badness 10000) in paragraph at lines 173--173
[]|\T1/cmr/m/n/12 Deep Learn-ing
 []


Underfull \hbox (badness 10000) in paragraph at lines 173--173
[]|\T1/cmr/m/n/12 Zhao et al.
 []


Underfull \hbox (badness 3861) in paragraph at lines 173--174
\T1/cmr/m/n/12 su-per-vised ap-proach out-
 []


Underfull \hbox (badness 10000) in paragraph at lines 175--175
[]|\T1/cmr/m/n/12 Temporal Fea-
 []


Underfull \hbox (badness 10000) in paragraph at lines 175--175
[]|\T1/cmr/m/n/12 Chen et al.
 []


Underfull \hbox (badness 10000) in paragraph at lines 175--175
[]|\T1/cmr/m/n/12 Usage Pat-tern
 []


Underfull \hbox (badness 1661) in paragraph at lines 175--176
[]|\T1/cmr/m/n/12 Hourly and daily tem-po-
 []


Underfull \hbox (badness 10000) in paragraph at lines 175--176
\T1/cmr/m/n/12 ral fea-tures sig-nif-i-cantly
 []


Underfull \hbox (badness 10000) in paragraph at lines 175--176
\T1/cmr/m/n/12 out-per-form ag-gre-gated
 []


Underfull \hbox (badness 1297) in paragraph at lines 177--177
[]|\T1/cmr/m/n/12 Predictive An-a-
 []


Underfull \hbox (badness 3746) in paragraph at lines 177--177
[]|\T1/cmr/m/n/12 Wassouf et al.
 []


Underfull \hbox (badness 10000) in paragraph at lines 177--177
[]|\T1/cmr/m/n/12 Customer Re-
 []


Overfull \hbox (5.32083pt too wide) in paragraph at lines 163--180
 [][] 
 []


Underfull \hbox (badness 10000) in paragraph at lines 193--193
[]|\T1/cmr/m/n/12 Collaborative
 []


Underfull \hbox (badness 6428) in paragraph at lines 193--193
[]|\T1/cmr/m/n/12 Deldjoo et al.
 []


Underfull \hbox (badness 5217) in paragraph at lines 193--194
[]|\T1/cmr/m/n/12 Hybrid CF mod-els out-
 []


Underfull \hbox (badness 10000) in paragraph at lines 193--194
\T1/cmr/m/n/12 per-form single-approach
 []


Underfull \hbox (badness 7504) in paragraph at lines 193--194
\T1/cmr/m/n/12 sys-tems in dense us-age
 []


Underfull \hbox (badness 10000) in paragraph at lines 195--195
[]|\T1/cmr/m/n/12 K-Means Clus-
 []


Underfull \hbox (badness 6236) in paragraph at lines 195--195
[]|\T1/cmr/m/n/12 Yuming et al.
 []


Underfull \hbox (badness 10000) in paragraph at lines 195--195
[]|\T1/cmr/m/n/12 Customer Seg-
 []


Underfull \hbox (badness 5008) in paragraph at lines 195--196
\T1/cmr/m/n/12 go-rith-mic nov-elty, drives
 []


Underfull \hbox (badness 1648) in paragraph at lines 195--196
\T1/cmr/m/n/12 the great-est seg-men-ta-tion
 []


Underfull \hbox (badness 2343) in paragraph at lines 197--197
[]|\T1/cmr/m/n/12 Customer Clas-
 []


Underfull \hbox (badness 10000) in paragraph at lines 197--198
[]|\T1/cmr/m/n/12 Random For-est achieves
 []


Underfull \hbox (badness 5817) in paragraph at lines 197--198
\OMS/cmsy/m/n/12 ^^X$\T1/cmr/m/n/12 91.66% ac-cu-racy; XG-
 []


Underfull \hbox (badness 10000) in paragraph at lines 199--199
[]|\T1/cmr/m/n/12 Deep Learn-ing
 []


Underfull \hbox (badness 10000) in paragraph at lines 199--199
[]|\T1/cmr/m/n/12 Zhao et al.
 []


Underfull \hbox (badness 3861) in paragraph at lines 199--200
\T1/cmr/m/n/12 su-per-vised ap-proach out-
 []


Underfull \hbox (badness 10000) in paragraph at lines 201--201
[]|\T1/cmr/m/n/12 Temporal Fea-
 []


Underfull \hbox (badness 10000) in paragraph at lines 201--201
[]|\T1/cmr/m/n/12 Chen et al.
 []


Underfull \hbox (badness 10000) in paragraph at lines 201--201
[]|\T1/cmr/m/n/12 Usage Pat-tern
 []


Underfull \hbox (badness 1661) in paragraph at lines 201--202
[]|\T1/cmr/m/n/12 Hourly and daily tem-po-
 []


Underfull \hbox (badness 10000) in paragraph at lines 201--202
\T1/cmr/m/n/12 ral fea-tures sig-nif-i-cantly
 []


Underfull \hbox (badness 10000) in paragraph at lines 201--202
\T1/cmr/m/n/12 out-per-form ag-gre-gated
 []


Underfull \hbox (badness 1297) in paragraph at lines 203--203
[]|\T1/cmr/m/n/12 Predictive An-a-
 []


Underfull \hbox (badness 3746) in paragraph at lines 203--203
[]|\T1/cmr/m/n/12 Wassouf et al.
 []


Underfull \hbox (badness 10000) in paragraph at lines 203--203
[]|\T1/cmr/m/n/12 Customer Re-
 []


Overfull \hbox (5.32083pt too wide) in paragraph at lines 189--206
 [][] 
 []

[22] [23]
Overfull \hbox (6.2563pt too wide) in paragraph at lines 214--214
[]\T1/cmr/bx/n/17.28 Recommender Sys-tems in Telecom-mu-ni-ca-tions 
 []

[24] [25]
Overfull \hbox (2.70662pt too wide) in paragraph at lines 242--242
[]\T1/cmr/bx/n/17.28 Impact of Per-son-alised Rec-om-men-da-tions on Rev-
 []


Overfull \hbox (7.6879pt too wide) in paragraph at lines 251--252
[]\T1/cmr/m/n/12 Research con-sis-tently iden-ti-fies up-selling through rec-om-men-da-tions as more cost-effective
 []


Overfull \hbox (0.40338pt too wide) in paragraph at lines 254--254
[]\T1/cmr/bx/n/14.4 Revenue Op-ti-mi-sa-tion Through ARPU En-hance-ment 
 []

[26] [27]
Overfull \hbox (9.6804pt too wide) in paragraph at lines 270--271
\T1/cmr/m/n/12 con-sis-tently out-per-form demographic-only fea-tures in pre-dict-ing cus-tomer ser-vice choices.
 []

) [28]
Chapter 3.
(./chapters/chapter-03.tex [29

] [30]
Overfull \hbox (14.57506pt too wide) in paragraph at lines 34--35
\T1/cmr/m/n/12 y-sis of his-tor-i-cal trans-ac-tional data with qual-i-ta-tive data gath-ered through semi-structured
 []

[31] [32] [33] [34]
Overfull \hbox (77.43929pt too wide) in paragraph at lines 100--101
\T1/cmr/m/n/12 1,905 bun-dle prod-ucts, fil-tered to 738 voice and combo bun-dles; (2) PUR-CHASE_TIMING_FEB.xlsx,
 []

[35]
Overfull \hbox (0.51633pt too wide) in paragraph at lines 145--145
[]|\T1/cmr/m/n/10.95 br_daily_voice_usage|  
 []

[36] [37]
Overfull \hbox (14.28621pt too wide) in paragraph at lines 171--172
\T1/cmr/m/n/12 controlled in the project GitHub repos-i-tory (https://github.com/RemmyBisimbeko/Data-
 []

[38] [39]
Overfull \hbox (104.49725pt too wide) in paragraph at lines 186--187
[]\T1/cmr/m/n/12 Logistic Re-gres-sion was im-ple-mented us-ing Lo-gis-ti-cRe-gres-sion(max_iter=1000, multi_class='multinomial',
 []


Overfull \hbox (6.97084pt too wide) in paragraph at lines 188--189
\T1/cmr/m/n/12 and Hy-poth-e-sis H1. XG-Boost was im-ple-mented us-ing XG-B-Clas-si-fier(n_estimators=200,
 []


Overfull \hbox (4.6203pt too wide) in paragraph at lines 188--189
\T1/cmr/m/n/12 max_depth=6, learn-ing_rate=0.1, use_label_encoder=False, eval_metric='mlogloss',
 []


Overfull \hbox (0.4856pt too wide) in paragraph at lines 190--191
[]\T1/cmr/m/n/12 Hyperparameter tun-ing for both en-sem-ble mod-els was con-ducted us-ing Grid-SearchCV()
 []


Overfull \hbox (18.75183pt too wide) in paragraph at lines 190--191
\T1/cmr/m/n/12 The pa-ram-e-ter grids searched in-cluded n_estimators, max_depth, and min_samples_split
 []

[40] [41]) [42]
Chapter 4.
(./chapters/chapter-04.tex
Overfull \hbox (1.45815pt too wide) in paragraph at lines 5--5
[]\T1/cmr/bx/n/17.28 Key Cus-tomer At-tributes and Feature--Target Re-
 []


Overfull \hbox (28.67467pt too wide) in paragraph at lines 17--35
 [][] 
 []

[43

]
<images/fig3_1_spearman_correlation.png, id=1145, 858.5676pt x 463.9734pt>
File: images/fig3_1_spearman_correlation.png Graphic file (type png)
<use images/fig3_1_spearman_correlation.png>
Package pdftex.def Info: images/fig3_1_spearman_correlation.png  used on input line 44.
(pdftex.def)             Requested size: 396.91325pt x 214.4923pt.
 [44] [45 <./images/fig3_1_spearman_correlation.png>]
Overfull \hbox (27.96939pt too wide) in paragraph at lines 109--111
[]\T1/cmr/m/n/12 HANDSET_TYPE and IS_SMARTPHONE pro-duced the high-est $\OML/cmm/m/it/12 ^^_[]$ \T1/cmr/m/n/12 statis-tics (181,566.52),
 []

[46]
<images/fig4_1_model_comparison.png, id=1166, 1003.5894pt x 393.6306pt>
File: images/fig4_1_model_comparison.png Graphic file (type png)
<use images/fig4_1_model_comparison.png>
Package pdftex.def Info: images/fig4_1_model_comparison.png  used on input line 143.
(pdftex.def)             Requested size: 396.91325pt x 155.67758pt.
 [47 <./images/fig4_1_model_comparison.png>]
Overfull \hbox (0.52316pt too wide) in paragraph at lines 185--185
 []|\T1/cmr/bx/n/10.95 Rank| 
 []


Overfull \hbox (36.39577pt too wide) in paragraph at lines 191--192
[]\T1/cmr/m/n/12 TOTAL_REVENUE is the sin-gle most pre-dic-tive fea-ture (18.01%). SPEND_PER_MINUTE
 []

<images/fig4_3_feature_importance.png, id=1173, 1292.1876pt x 555.0336pt>
File: images/fig4_3_feature_importance.png Graphic file (type png)
<use images/fig4_3_feature_importance.png>
Package pdftex.def Info: images/fig4_3_feature_importance.png  used on input line 195.
(pdftex.def)             Requested size: 396.91325pt x 170.48338pt.
[48]
Overfull \hbox (62.44714pt too wide) in paragraph at lines 211--220
 [][] 
 []

) [49 <./images/fig4_3_feature_importance.png>] [50]
Chapter 5.
(./chapters/chapter-05.tex
Overfull \hbox (21.6399pt too wide) in paragraph at lines 7--7
[]\T1/cmr/bx/n/17.28 Discussion of Key Cus-tomer Be-havioural At-tributes:
 []

[51

]
Overfull \hbox (13.2329pt too wide) in paragraph at lines 29--30
\T1/cmr/m/n/12 VOICE_INTENSITY (calls per ac-tive day; F = 27,892.34) and TO-TAL_OG_MINUTES
 []

[52]
Overfull \hbox (7.84372pt too wide) in paragraph at lines 32--32
[]\T1/cmr/bx/n/14.4 UPGRADE_RATE: The One Non-Significant Fea-ture 
 []


Overfull \hbox (29.13895pt too wide) in paragraph at lines 37--37
[]\T1/cmr/bx/n/17.28 Discussion of Model Per-for-mance: Hy-poth-e-sis H2 
 []

[53] [54] [55]
Overfull \hbox (27.58945pt too wide) in paragraph at lines 88--89
\T1/cmr/m/n/12 Specific Ob-jec-tive 1 is com-pre-hen-sively ad-dressed. The study iden-ti-fied IS_SMARTPHONE,
 []


Overfull \hbox (44.17189pt too wide) in paragraph at lines 88--89
\T1/cmr/m/n/12 BUN-DLE_SPEND_30D, AC-TIVE_DAYS, TO-TAL_OG_MINUTES, VOICE_INTENSITY,
 []


Overfull \hbox (41.26044pt too wide) in paragraph at lines 90--91
\T1/cmr/m/n/12 est F1-Score, with the en-gi-neered fea-tures SPEND_PER_MINUTE and VOICE_INTENSITY
 []

)
Overfull \hbox (5.54535pt too wide) in paragraph at lines 97--126
\T1/cmr/m/n/12 voice bun-dle seg-ment mem-ber-ship, with IS_SMARTPHONE, BUN-DLE_SPEND_30D,
 []


Overfull \hbox (1.90327pt too wide) in paragraph at lines 97--126
\T1/cmr/m/n/12 VOICE_INTENSITY, and DIS-TINCT_BUNDLES_TRIED emerg-ing as the strongest
 []

[56] [57]
Chapter 6.
(./chapters/chapter-06.tex [58

]
Overfull \hbox (10.09988pt too wide) in paragraph at lines 25--26
\T1/cmr/m/n/12 nor-ity class), and the en-gi-neer-ing of SPEND_PER_MINUTE and VOICE_INTENSITY
 []

[59]
Overfull \hbox (3.05518pt too wide) in paragraph at lines 35--35
[]\T1/cmr/bx/n/17.28 Strategic Rec-om-men-da-tions for Air-tel Uganda 
 []


Overfull \hbox (37.23117pt too wide) in paragraph at lines 40--40
[]\T1/cmr/bx/n/14.4 Recommendation 1: De-ploy a VOICE_INTENSITY-Triggered
 []

[60] [61] [62] [63]
Overfull \hbox (16.79117pt too wide) in paragraph at lines 85--86
[]\T1/cmr/m/n/12 The study's cen-tral em-pir-i-cal con-tri-bu-tion is the iden-ti-fi-ca-tion of SPEND_PER_MINUTE
 []

) (./references/references-content.tex [64]
Underfull \hbox (badness 1371) in paragraph at lines 7--8
[]\T1/cmr/m/n/12 Airtel Uganda. (2017, Febru-ary 17). Air-tel users to get more from My-
 []


Underfull \hbox (badness 1571) in paragraph at lines 10--11
[]\T1/cmr/m/n/12 Airtel Uganda. (2024, Septem-ber 11). AIR-TEL UGANDA LIM-ITED: In-
 []


Underfull \hbox (badness 4001) in paragraph at lines 10--11
\T1/cmr/m/n/12 terim fi-nan-cial re-sults for the six-month pe-riod ended 30 June 2024.
 []


Underfull \hbox (badness 10000) in paragraph at lines 10--11
\T1/cmr/m/n/12 https://cdn-webportal.airtelstream.net/website/uganda/assets/pdf/Airtel-
 []


Underfull \hbox (badness 1968) in paragraph at lines 25--26
[]\T1/cmr/m/n/12 Alotaibi, M. Z., & Haq, M. A. (2024). Cus-tomer churn pre-dic-tion for
 []


Underfull \hbox (badness 1158) in paragraph at lines 25--26
\T1/cmr/m/n/12 En-gi-neer-ing, Tech-nol-ogy & Ap-plied Sci-ence Re-search, 14(3), 14572--14578.
 []


Underfull \hbox (badness 10000) in paragraph at lines 31--32
[]\T1/cmr/m/n/12 Braun, V., & Clarke, V. (2006). Us-ing the-matic anal-y-sis in
 []


Underfull \hbox (badness 10000) in paragraph at lines 31--32
\T1/cmr/m/n/12 psy-chol-ogy. Qual-i-ta-tive Re-search in Psy-chol-ogy, 3(2), 77--101.
 []

[65

] [66]
Underfull \hbox (badness 10000) in paragraph at lines 79--80
[]\T1/cmr/m/n/12 Koren, Y., Bell, R., & Volin-sky, C. (2009). Ma-trix fac-tori-sa-
 []


Underfull \hbox (badness 10000) in paragraph at lines 79--80
\T1/cmr/m/n/12 tion tech-niques for rec-om-mender sys-tems. Com-puter, 42(8), 30--37.
 []


Underfull \hbox (badness 10000) in paragraph at lines 94--95
[]\T1/cmr/m/n/12 McKinsey & Com-pany. (2022). Per-son-al-is-ing the cus-tomer ex-pe-
 []


Underfull \hbox (badness 10000) in paragraph at lines 94--95
\T1/cmr/m/n/12 ri-ence: Driv-ing dif-fer-en-ti-a-tion in telco. McK-in-sey Global In-sti-
 []


Underfull \hbox (badness 10000) in paragraph at lines 94--95
\T1/cmr/m/n/12 tute. https://www.mckinsey.com/industries/technology-media-and-
 []


Underfull \hbox (badness 10000) in paragraph at lines 94--95
\T1/cmr/m/n/12 telecommunications/our-insights/personalizing-the-customer-experience-driving-
 []


Underfull \hbox (badness 10000) in paragraph at lines 97--98
[]\T1/cmr/m/n/12 McKinsey & Com-pany. (2024). Per-son-al-is-ing the cus-tomer ex-pe-
 []


Underfull \hbox (badness 10000) in paragraph at lines 97--98
\T1/cmr/m/n/12 ri-ence: Driv-ing dif-fer-en-ti-a-tion in telco. McK-in-sey Global In-sti-
 []


Underfull \hbox (badness 10000) in paragraph at lines 97--98
\T1/cmr/m/n/12 tute. https://www.mckinsey.com/industries/technology-media-and-
 []


Underfull \hbox (badness 10000) in paragraph at lines 97--98
\T1/cmr/m/n/12 telecommunications/our-insights/personalizing-the-customer-experience-driving-
 []

[67]
Underfull \hbox (badness 10000) in paragraph at lines 109--110
\T1/cmr/m/n/12 uganda-announces-ugx-50-55-billion-contribution-to-uccs-universal-service-and-
 []


Underfull \hbox (badness 10000) in paragraph at lines 115--116
[]\T1/cmr/m/n/12 Publicist East Africa. (2025, Febru-ary 20). Air-tel Uganda re-ports
 []


Underfull \hbox (badness 4531) in paragraph at lines 115--116
\T1/cmr/m/n/12 strong fi-nan-cial per-for-mance for the year ended 31st De-cem-ber 2024.
 []


Underfull \hbox (badness 10000) in paragraph at lines 115--116
\T1/cmr/m/n/12 https://publicisteastafrica.com/airtel-uganda-reports-strong-financial-
 []


Underfull \hbox (badness 1127) in paragraph at lines 118--119
[]\T1/cmr/m/n/12 Samuel, A. L. (1959). Some stud-ies in ma-chine learn-ing us-ing the game
 []


Underfull \hbox (badness 2253) in paragraph at lines 118--119
\T1/cmr/m/n/12 of check-ers. IBM Jour-nal of Re-search and De-vel-op-ment, 3(3), 210--229.
 []


Underfull \hbox (badness 1107) in paragraph at lines 121--122
[]\T1/cmr/m/n/12 Sarwar, B. M., Karypis, G., Kon-stan, J. A., & Riedl, J. (2001). Item-
 []


Underfull \hbox (badness 1210) in paragraph at lines 121--122
\T1/cmr/m/n/12 based col-lab-o-ra-tive fil-ter-ing rec-om-men-da-tion al-go-rithms. In Pro-ceed-ings of
 []

[68]
Underfull \hbox (badness 10000) in paragraph at lines 145--146
[]\T1/cmr/m/n/12 Uganda Se-cu-ri-ties Ex-change. (2025, Febru-ary 18). Fi-
 []


Underfull \hbox (badness 10000) in paragraph at lines 145--146
\T1/cmr/m/n/12 nan-cial re-sults for the year ended 31st De-cem-ber 2024.
 []


Overfull \hbox (359.98077pt too wide) in paragraph at lines 145--146
\T1/cmr/m/n/12 https://www.use.or.ug/sites/default/files/FINANCIAL%20RESULTS%20FOR%20THE%20YEAR%20ENDED%2031ST%20DECEMBER%202024.pdf 
 []

) (./appendicies/AAppendix-main.tex [69]
Appendix A.
(./appendicies/app-dua.tex [70

{/usr/local/texlive/2026/texmf-dist/fonts/enc/dvips/cm-super/cm-super-ts1.enc}] [71])
Overfull \hbox (43.4085pt too wide) in paragraph at lines 70--4
[]
 []


Underfull \hbox (badness 10000) in paragraph at lines 70--4

 []

[72]
Appendix B.
(./appendicies/app-participant-info.tex [73

] [74]) [75]
Appendix C.
(./appendicies/app-interview-guide.tex
Overfull \hbox (0.23134pt too wide) in paragraph at lines 5--6
\T1/cmr/m/n/12 Voice Bun-dle Rec-om-men-da-tions: Im-prov-ing Cus-tomer Sat-is-fac-tion and In-form-ing Busi-
 []


Overfull \hbox (1.21033pt too wide) in paragraph at lines 5--6
\T1/cmr/m/n/12 ness De-ci-sions for Rev-enue Op-ti-mi-sa-tion. A Case Study of Air-tel Uganda Lim-ited. 
 []

[76

] [77]) [78]
Appendix D.
(./appendicies/app-ethics.tex
Overfull \hbox (4.78429pt too wide) in paragraph at lines 31--33
\T1/cmr/bx/n/12 most pre-dic-tive of voice bun-dle pur-chase de-ci-sions among Air-tel Uganda
 []

[79

])
Overfull \hbox (14.98112pt too wide) in paragraph at lines 62--16
[]  
 []

[80]
Appendix E.
(./appendicies/app-objectives.tex [81

]) [82]
Appendix F.
[83

]
Appendix G.
(./appendicies/app-AI-use-declaration.tex) [84

]
Appendix H.
<images/screenshot target variable.png, id=1430, 1517.67pt x 985.6825pt>
File: images/screenshot target variable.png Graphic file (type png)
<use images/screenshot target variable.png>
Package pdftex.def Info: images/screenshot target variable.png  used on input line 48.
(pdftex.def)             Requested size: 441.01773pt x 286.42717pt.
<images/screenshot customer profile.png, id=1431, 1517.67pt x 985.6825pt>
File: images/screenshot customer profile.png Graphic file (type png)
<use images/screenshot customer profile.png>
Package pdftex.def Info: images/screenshot customer profile.png  used on input line 55.
(pdftex.def)             Requested size: 441.01773pt x 286.42717pt.
[85

 <./images/screenshot target variable.png>]
<images/screenshot purchase timing feb.png, id=1439, 1517.67pt x 985.6825pt>
File: images/screenshot purchase timing feb.png Graphic file (type png)
<use images/screenshot purchase timing feb.png>
Package pdftex.def Info: images/screenshot purchase timing feb.png  used on input line 62.
(pdftex.def)             Requested size: 441.01773pt x 286.42717pt.
 [86 <./images/screenshot customer profile.png>]
<images/screenshot bundle consumption.png, id=1447, 1517.67pt x 985.6825pt>
File: images/screenshot bundle consumption.png Graphic file (type png)
<use images/screenshot bundle consumption.png>
Package pdftex.def Info: images/screenshot bundle consumption.png  used on input line 69.
(pdftex.def)             Requested size: 441.01773pt x 286.42717pt.
 [87 <./images/screenshot purchase timing feb.png>]
<images/screenshot location details.png, id=1456, 1517.67pt x 985.6825pt>
File: images/screenshot location details.png Graphic file (type png)
<use images/screenshot location details.png>
Package pdftex.def Info: images/screenshot location details.png  used on input line 76.
(pdftex.def)             Requested size: 441.01773pt x 286.42717pt.
) [88 <./images/screenshot bundle consumption.png>] [89 <./images/screenshot location details.png>] (./main.aux)
 ***********
LaTeX2e <2025-11-01>
L3 programming layer <2026-01-19>
 ***********


LaTeX Warning: There were undefined references.


LaTeX Warning: There were multiply-defined labels.

Package rerunfilecheck Info: File `main.out' has not changed.
(rerunfilecheck)             Checksum: DE3FC399D43364F20FBD530EC3AD5C62;30216.
 ) 
Here is how much of TeX's memory you used:
 14478 strings out of 467525
 230484 string characters out of 5418982
 650373 words of memory out of 5000000
 42752 multiletter control sequences out of 15000+600000
 645114 words of font info for 80 fonts, out of 8000000 for 9000
 1141 hyphenation exceptions out of 8191
 69i,11n,79p,1566b,737s stack positions out of 10000i,1000n,20000p,200000b,200000s
</usr/local/texlive/2026/texmf-dist/fonts/type1/public/amsfonts/cm/cmmi10.pfb></usr/local/texlive/2026/texmf-dist/fonts/type1/public/amsfonts/cm/cmmi12.pfb></usr/local/texlive/2026/texmf-dist/fonts/type1/public/amsfonts/cm/cmr10.pfb></usr/local/texlive/2026/texmf-dist/fonts/type1/public/amsfonts/cm/cmr12.pfb></usr/local/texlive/2026/texmf-dist/fonts/type1/public/amsfonts/cm/cmr8.pfb></usr/local/texlive/2026/texmf-dist/fonts/type1/public/amsfonts/cm/cmsy10.pfb></usr/local/texlive/2026/texmf-dist/fonts/type1/public/cm-super/sfbx1095.pfb></usr/local/texlive/2026/texmf-dist/fonts/type1/public/cm-super/sfbx1200.pfb></usr/local/texlive/2026/texmf-dist/fonts/type1/public/cm-super/sfbx1440.pfb></usr/local/texlive/2026/texmf-dist/fonts/type1/public/cm-super/sfbx1728.pfb></usr/local/texlive/2026/texmf-dist/fonts/type1/public/cm-super/sfbx2488.pfb></usr/local/texlive/2026/texmf-dist/fonts/type1/public/cm-super/sfrm0800.pfb></usr/local/texlive/2026/texmf-dist/fonts/type1/public/cm-super/sfrm1095.pfb></usr/local/texlive/2026/texmf-dist/fonts/type1/public/cm-super/sfrm1200.pfb></usr/local/texlive/2026/texmf-dist/fonts/type1/public/cm-super/sfrm1440.pfb></usr/local/texlive/2026/texmf-dist/fonts/type1/public/cm-super/sfrm1728.pfb></usr/local/texlive/2026/texmf-dist/fonts/type1/public/cm-super/sfti1095.pfb></usr/local/texlive/2026/texmf-dist/fonts/type1/public/cm-super/sfti1200.pfb></usr/local/texlive/2026/texmf-dist/fonts/type1/public/cm-super/sfti1728.pfb></usr/local/texlive/2026/texmf-dist/fonts/type1/public/cm-super/sftt1200.pfb>
Output written on main.pdf (105 pages, 5211536 bytes).
PDF statistics:
 1641 PDF objects out of 1728 (max. 8388607)
 1449 compressed objects within 15 object streams
 366 named destinations out of 1000 (max. 500000)
 1108 words of extra memory for PDF output out of 10000 (max. 10000000)

